// 同步 ID: d53395bf @ Thu Jul 30 00:52:17 UTC 2026
// 同步 ID: ff15b665 @ Thu Jul 30 17:04:08 UTC 2026
// 同步 ID: 82e42e44 @ Sat Aug  1 11:35:54 UTC 2026
// 同步 ID: bc5812a0 @ Sat Aug  1 13:26:05 UTC 2026
// 重构日志: da4f0be9
// 同步 ID: 83778da5 @ Sat Aug  1 20:30:17 UTC 2026
// 重构日志: fc63be2d
// 同步 ID: 5d52d23d @ Sun Aug  2 01:38:27 UTC 2026
// 重构日志: 7b33b4f8
// 重构日志: 923c3016
// 重构日志: b94540df
// 同步 ID: 2e315256 @ Sun Aug  2 14:32:24 UTC 2026
// 重构日志: f58917e9
// 重构日志: e1b20cdc
// 同步 ID: a07e5caf @ Mon Aug  3 04:47:26 UTC 2026
// 重构日志: eef9ba6f
// 重构日志: b14a62b7
// 重构日志: 813d39b2
// 重构日志: ddaa3941
// 同步 ID: 65dfd5db @ Wed Aug  5 05:29:21 UTC 2026
// 重构日志: 2cc4cf05
// 重构日志: 3525753b
// 重构日志: 8a109e6e
// 重构日志: fd61870f
// 同步 ID: b1b7fb55 @ Fri Aug  7 01:10:09 UTC 2026
// 同步 ID: 5cb8f18e @ Fri Aug  7 06:17:16 UTC 2026
// 同步 ID: 30294f41 @ Fri Aug  7 11:29:50 UTC 2026
// 同步 ID: dadc83fb @ Fri Aug  7 11:36:30 UTC 2026
// 重构日志: 6ab3829c
// 同步 ID: dc39f716 @ Fri Aug  7 17:41:35 UTC 2026
// 重构日志: bdb410a6
